../Core/Src/main.c:113:6:HAL_TIM_PeriodElapsedCallback	16	static
../Core/Src/main.c:127:5:main	24	static
../Core/Src/main.c:261:6:SystemClock_Config	72	static
../Core/Src/main.c:301:13:MX_I2C2_Init	8	static
../Core/Src/main.c:335:13:MX_SPI1_Init	8	static
../Core/Src/main.c:373:13:MX_TIM2_Init	32	static
../Core/Src/main.c:418:13:MX_USART1_UART_Init	8	static
../Core/Src/main.c:451:13:MX_GPIO_Init	40	static
../Core/Src/main.c:507:9:checkMENU	16	static
../Core/Src/main.c:547:9:checkSELECT	16	static
../Core/Src/main.c:575:9:checkbuton	24	static
../Core/Src/main.c:604:6:seclectmenu	32	static
../Core/Src/main.c:1767:9:CheckUID	32	static
../Core/Src/main.c:1781:9:CheckListUID	24	static
../Core/Src/main.c:1795:9:checkcountUID	16	static
../Core/Src/main.c:1812:6:adduid	16	static
../Core/Src/main.c:1855:6:checkuser	16	static
../Core/Src/main.c:1898:6:checkthe	16	static
../Core/Src/main.c:1973:10:CheckKey	24	static
../Core/Src/main.c:1986:6:removeuid	16	static
../Core/Src/main.c:1990:6:startadd	8	static
../Core/Src/main.c:2031:6:setaddress	16	static
../Core/Src/main.c:2039:6:password_keypad	32	static
../Core/Src/main.c:2092:6:password_button	32	static
../Core/Src/main.c:2190:6:resetflash	16	static
../Core/Src/main.c:2203:6:Error_Handler	4	static,ignoring_inline_asm
